// Jest Snapshot v1, https://goo.gl/fbAQLP

exports[`Pruebas a Grid Item Renderizado del componente 1`] = `
<div
  className="card animate__animated animate__rubberBand"
>
  <img
    alt="Un Titulo"
    src="https://localhost/algo.jpg"
  />
  <p>
    Un Titulo
  </p>
</div>
`;
